// Jest Snapshot v1, https://goo.gl/fbAQLP

exports[`Modal should render a modal with a close button and content div 1`] = `
<CSSTransition
  classNames="wa-modal"
  in={true}
  timeout={300}
  unmountOnExit={true}
>
  <div
    className="wa-modal-container"
    key="wa-modal"
  >
    <dialog
      className="wa-modal"
      open={true}
    >
      <button
        className="wa-modal-close"
        onClick={[MockFunction]}
        type="button"
      >
        X
      </button>
      <div />
    </dialog>
  </div>
</CSSTransition>
`;
