// Jest Snapshot v1, https://goo.gl/fbAQLP

exports[`WikiRoulette renders the app 1`] = `
<Provider
  store={
    Object {
      "dispatch": [Function],
      "getState": [Function],
      "replaceReducer": [Function],
      "subscribe": [Function],
      Symbol(observable): [Function],
    }
  }
>
  <Connect(WikiRoulette)>
    <WikiRoulette
      articles={Array []}
    >
      <section
        className="wikiroulette"
      >
        <Cylinder
          articles={Array []}
        >
          <div
            className="cylinder"
          >
            <TransitionGroup
              childFactory={[Function]}
              className="articles"
              component="ul"
              style={
                Object {
                  "transform": "translateY(-0px)",
                }
              }
            >
              <ul
                className="articles"
                style={
                  Object {
                    "transform": "translateY(-0px)",
                  }
                }
              >
                <CSSTransition
                  classNames="articles-item"
                  in={true}
                  key=".$article-transition-0"
                  onExited={[Function]}
                  timeout={300}
                >
                  <Transition
                    appear={false}
                    enter={true}
                    exit={true}
                    in={true}
                    mountOnEnter={false}
                    onEnter={[Function]}
                    onEntered={[Function]}
                    onEntering={[Function]}
                    onExit={[Function]}
                    onExited={[Function]}
                    onExiting={[Function]}
                    timeout={300}
                    unmountOnExit={false}
                  >
                    <li>
                      <MountedArticle
                        id="article-0"
                        isActive={true}
                        onArticleLoad={[Function]}
                      >
                        <Connect(Component)
                          className="active"
                          id="article-0"
                          onArticleLoad={[Function]}
                          onClick={null}
                        >
                          <Connect(Component)
                            className="active"
                            forwardedRef={
                              Object {
                                "current": <article
                                  class="wa style-0 active"
                                  data-id="someId"
                                  id="article-0"
                                  role="presentation"
                                >
                                  <div
                                    class="wa-header has-image"
                                  >
                                    <div
                                      aria-describedby="description-article-0"
                                      aria-labelledby="title-article-0"
                                      class="wa-img"
                                      role="img"
                                      style="background-image: url(someimage.png);"
                                    />
                                    <div
                                      class="wa-header-content"
                                    >
                                      <h2
                                        class="wa-title"
                                        id="title-article-0"
                                      >
                                        Some Title
                                      </h2>
                                      <h3
                                        class="wa-description"
                                        id="description-article-0"
                                      >
                                        some description
                                      </h3>
                                    </div>
                                  </div>
                                  <div
                                    class="wa-content"
                                  >
                                    <p
                                      class="wa-summary"
                                    >
                                      some extract
                                    </p>
                                    <a
                                      href="someDesktopUrl.com"
                                      rel="noopener noreferrer"
                                      target="_blank"
                                    >
                                      <i
                                        class="material-icons"
                                      >
                                        link
                                      </i>
                                    </a>
                                  </div>
                                </article>,
                              }
                            }
                            id="article-0"
                            onArticleLoad={[Function]}
                            onClick={null}
                          >
                            <ForwardRef
                              className="active"
                              dispatchArticle={[Function]}
                              id="article-0"
                              onArticleLoad={[Function]}
                              onClick={null}
                            >
                              <WikiArticle
                                className="active"
                                dispatchArticle={[Function]}
                                forwardedRef={
                                  Object {
                                    "current": <article
                                      class="wa style-0 active"
                                      data-id="someId"
                                      id="article-0"
                                      role="presentation"
                                    >
                                      <div
                                        class="wa-header has-image"
                                      >
                                        <div
                                          aria-describedby="description-article-0"
                                          aria-labelledby="title-article-0"
                                          class="wa-img"
                                          role="img"
                                          style="background-image: url(someimage.png);"
                                        />
                                        <div
                                          class="wa-header-content"
                                        >
                                          <h2
                                            class="wa-title"
                                            id="title-article-0"
                                          >
                                            Some Title
                                          </h2>
                                          <h3
                                            class="wa-description"
                                            id="description-article-0"
                                          >
                                            some description
                                          </h3>
                                        </div>
                                      </div>
                                      <div
                                        class="wa-content"
                                      >
                                        <p
                                          class="wa-summary"
                                        >
                                          some extract
                                        </p>
                                        <a
                                          href="someDesktopUrl.com"
                                          rel="noopener noreferrer"
                                          target="_blank"
                                        >
                                          <i
                                            class="material-icons"
                                          >
                                            link
                                          </i>
                                        </a>
                                      </div>
                                    </article>,
                                  }
                                }
                                id="article-0"
                                onArticleLoad={[Function]}
                                onClick={null}
                              >
                                <article
                                  className="wa style-0 loading active"
                                  id="article-0"
                                  onClick={null}
                                  role="presentation"
                                >
                                  <div
                                    className="wa-header"
                                  >
                                    <div
                                      className="wa-header-content"
                                    />
                                  </div>
                                  <div
                                    className="wa-content"
                                  >
                                    <a
                                      rel="noopener noreferrer"
                                      target="_blank"
                                    >
                                      <i
                                        className="material-icons"
                                      >
                                        link
                                      </i>
                                    </a>
                                  </div>
                                </article>
                              </WikiArticle>
                            </ForwardRef>
                          </Connect(Component)>
                        </Connect(Component)>
                      </MountedArticle>
                    </li>
                  </Transition>
                </CSSTransition>
              </ul>
            </TransitionGroup>
            <div
              className="cylinder-options"
            >
              <button
                className="wr-button add-article"
                disabled={true}
                onClick={[Function]}
                type="button"
              >
                <i
                  className="material-icons"
                >
                  hourglass_empty
                </i>
              </button>
            </div>
          </div>
        </Cylinder>
        <ul
          id="shortcuts"
        />
      </section>
    </WikiRoulette>
  </Connect(WikiRoulette)>
</Provider>
`;
