// Jest Snapshot v1, https://goo.gl/fbAQLP

exports[`WikiArticle renders an article 1`] = `
<Provider
  store={
    Object {
      "dispatch": [Function],
      "getState": [Function],
      "replaceReducer": [Function],
      "subscribe": [Function],
      Symbol(observable): [Function],
    }
  }
>
  <Connect(WikiArticle)
    description="Some Description"
    id="0"
    title="Some Title"
  >
    <WikiArticle
      description="Some Description"
      dispatchArticle={[Function]}
      id="0"
      title="Some Title"
    >
      <article
        className="wa style-0"
        data-id="0"
      >
        <div
          className="wa-header"
        >
          <div
            className="wa-header-content"
          >
            <h2
              className="wa-title"
            >
              Some Title
            </h2>
            <h3
              className="wa-description"
            >
              Some Description
            </h3>
          </div>
        </div>
        <div
          className="wa-content"
        >
          <a
            rel="noopener noreferrer"
            target="_blank"
          >
            Test Link
          </a>
        </div>
      </article>
    </WikiArticle>
  </Connect(WikiArticle)>
</Provider>
`;
